> Task :executer
--safe
--native

1 actionable task: 1 executed
