
> Task :generate
b = -2
c = 3

BUILD SUCCESSFUL in 0s
1 actionable task: 1 executed
